../freertos/freertos-kernel/portable/MemMang/heap_4.c:173:8:pvPortMalloc	40	static
../freertos/freertos-kernel/portable/MemMang/heap_4.c:348:6:vPortFree	24	static
../freertos/freertos-kernel/portable/MemMang/heap_4.c:407:8:xPortGetFreeHeapSize	8	static
../freertos/freertos-kernel/portable/MemMang/heap_4.c:413:8:xPortGetMinimumEverFreeHeapSize	8	static
../freertos/freertos-kernel/portable/MemMang/heap_4.c:419:6:xPortResetHeapMinimumEverFreeHeapSize	8	static
../freertos/freertos-kernel/portable/MemMang/heap_4.c:425:6:vPortInitialiseBlocks	8	static
../freertos/freertos-kernel/portable/MemMang/heap_4.c:431:8:pvPortCalloc	24	static
../freertos/freertos-kernel/portable/MemMang/heap_4.c:450:13:prvHeapInit	24	static
../freertos/freertos-kernel/portable/MemMang/heap_4.c:498:13:prvInsertBlockIntoFreeList	24	static
../freertos/freertos-kernel/portable/MemMang/heap_4.c:566:6:vPortGetHeapStats	32	static
../freertos/freertos-kernel/portable/MemMang/heap_4.c:623:6:vPortHeapResetState	8	static
