C:\Users\Yue Yang\Documents\MCUXpressoIDE_25.6.136\workspace\2271Projecy\CMSIS/core_cm0plus.h:757:22:__NVIC_EnableIRQ	16	static
C:\Users\Yue Yang\Documents\MCUXpressoIDE_25.6.136\workspace\2271Projecy\CMSIS/core_cm0plus.h:795:22:__NVIC_DisableIRQ	16	static
C:\Users\Yue Yang\Documents\MCUXpressoIDE_25.6.136\workspace\2271Projecy\CMSIS/core_cm0plus.h:848:22:__NVIC_ClearPendingIRQ	16	static
C:\Users\Yue Yang\Documents\MCUXpressoIDE_25.6.136\workspace\2271Projecy\CMSIS/core_cm0plus.h:866:22:__NVIC_SetPriority	24	static
../source/traffic_button.c:6:6:initInterrupt	8	static
../source/traffic_button.c:30:6:PORTA_IRQHandler	16	static
